[backblue.gif]
[fade.gif]
[index.html]
[use.fontawesome.com/releases/v5.0.10/css/all.css]
[www.bricho.com/demo/brian/with-particles/img/profile-pic2.jpg]
[www.bricho.com/demo/brian/with-particles/img/portfolio-img.jpg]
[ajax.googleapis.com/ajax/libs/jquery/3.3.1/jquery.min.js]
[unpkg.com/isotope-layout@3.0.6/dist/isotope.pkgd.min.js]
[cdn.jsdelivr.net/particles.js/2.0.0/particles.min.js]
[www.bricho.com/demo/brian/with-particles/index.html]
[www.bricho.com/demo/brian/with-particles/css/flexboxgrid.css]
[use.fontawesome.com/releases/v5.0.10/css/all.css]
[www.bricho.com/demo/brian/with-particles/img/hero8.jpg]
[www.bricho.com/demo/brian/with-particles/img/img3.jpg]
[www.bricho.com/demo/brian/with-particles/css/styles.css]
[www.bricho.com/demo/brian/with-particles/css/owl.carousel.min.css]
[www.bricho.com/demo/brian/with-particles/css/owl.theme.default.min.css]
[www.bricho.com/demo/brian/with-particles/css/Magnific-Popup.css]
[www.bricho.com/demo/brian/with-particles/downloads/example.html]
[www.bricho.com/demo/brian/with-particles/js/particles.js]
[www.bricho.com/demo/brian/with-particles/js/owl.carousel.min.js]
[www.bricho.com/demo/brian/with-particles/js/jquery.magnific-popup.js]
[www.bricho.com/demo/brian/with-particles/js/scrollmagic/minified/ScrollMagic.min.js]
[www.bricho.com/demo/brian/with-particles/js/scrollmagic/uncompressed/plugins/debug.addIndicators.js]
[www.bricho.com/demo/brian/with-particles/js/main.js]
[www.bricho.com/demo/brian/with-particles/css/owl.video.play.html]
